// Jest Snapshot v1, https://goo.gl/fbAQLP

exports[`Display renders Display 1`] = `
.css-9v06sd,
[data-css-9v06sd] {
  display: -webkit-box;
  display: -moz-box;
  display: -ms-flexbox;
  display: -webkit-flex;
  display: flex;
  flex-direction: row;
  -webkit-box-orient: horizontal;
  -webkit-box-direction: normal;
  -webkit-flex-direction: row;
}

.css-1to9pp2,
[data-css-1to9pp2] {
  min-height: 5rem;
  flex-basis: 100%;
  background: #292929;
  border-color: #292929;
  font-size: 1.8rem;
  padding-left: 1rem;
  padding-right: 1rem;
  text-align: right;
  font-family: -apple-system, BlinkMacSystemFont, sans-serif;
  color: white;
  -webkit-flex-basis: 100%;
}

<div
  data-css-9v06sd=""
>
  <input
    data-css-1to9pp2=""
    disabled={true}
    type="text"
    value={undefined}
  />
</div>
`;
