// Jest Snapshot v1, https://goo.gl/fbAQLP

exports[`Display renders Display 1`] = `
.css-9v06sd,
[data-css-9v06sd] {
  display: -webkit-box;
  display: -moz-box;
  display: -ms-flexbox;
  display: -webkit-flex;
  display: flex;
  flex-direction: row;
  -webkit-box-orient: horizontal;
  -webkit-box-direction: normal;
  -webkit-flex-direction: row;
}

.css-1vy5v8k,
[data-css-1vy5v8k] {
  min-height: 4rem;
  flex-basis: 100%;
  border-radius: 4px;
  border: 1px solid tomato;
  font-size: 1.3rem;
  padding-left: 1rem;
  padding-right: 1rem;
  -webkit-flex-basis: 100%;
}

<div
  data-css-9v06sd=""
>
  <input
    data-css-1vy5v8k=""
    disabled={true}
    type="text"
    value={undefined}
  />
</div>
`;
