// Jest Snapshot v1, https://goo.gl/fbAQLP

exports[`Keypad renders Keypad 1`] = `
.css-tcqo1y,
[data-css-tcqo1y] {
  display: -webkit-box;
  display: -moz-box;
  display: -ms-flexbox;
  display: -webkit-flex;
  display: flex;
  flex-direction: column;
  border: 1px solid tomato;
  border-radius: 4px;
  margin-top: 0.5rem;
  -webkit-box-orient: vertical;
  -webkit-box-direction: normal;
  -webkit-flex-direction: column;
}

.css-1qeez79,
[data-css-1qeez79] {
  flex: 2;
  -webkit-flex: 2;
}

.css-q8ffom,
[data-css-q8ffom] {
  display: -webkit-box;
  display: -moz-box;
  display: -ms-flexbox;
  display: -webkit-flex;
  display: flex;
  flex-direction: row;
  flex: 2;
  -webkit-box-orient: horizontal;
  -webkit-box-direction: normal;
  -webkit-flex-direction: row;
  -webkit-flex: 2;
}

.css-h0wfqv,
[data-css-h0wfqv] {
  display: -webkit-box;
  display: -moz-box;
  display: -ms-flexbox;
  display: -webkit-flex;
  display: flex;
  width: 100%;
  flex-direction: row;
  justify-content: center;
  align-items: center;
  text-align: center;
  -webkit-box-orient: horizontal;
  -webkit-box-direction: normal;
  -webkit-flex-direction: row;
  -webkit-box-pack: center;
  -webkit-justify-content: center;
  -webkit-box-align: center;
  -webkit-align-items: center;
}

.css-zcaaxo,
[data-css-zcaaxo] {
  flex: 1;
  margin: 0.5rem;
  border: 1px solid tomato;
  padding: 1rem;
  -webkit-flex: 1;
}

<div
  data-css-tcqo1y=""
>
  <div
    data-css-h0wfqv=""
  >
    <div
      data-css-zcaaxo=""
      onClick={undefined}
    >
      AC
    </div>
    <div
      data-css-zcaaxo=""
      onClick={undefined}
    >
      +/-
    </div>
    <div
      data-css-zcaaxo=""
      onClick={undefined}
    >
      %
    </div>
    <div
      data-css-zcaaxo=""
      onClick={undefined}
    >
      /
    </div>
  </div>
  <div
    data-css-h0wfqv=""
  >
    <div
      data-css-zcaaxo=""
      onClick={undefined}
    >
      7
    </div>
    <div
      data-css-zcaaxo=""
      onClick={undefined}
    >
      8
    </div>
    <div
      data-css-zcaaxo=""
      onClick={undefined}
    >
      9
    </div>
    <div
      data-css-zcaaxo=""
      onClick={undefined}
    >
      X
    </div>
  </div>
  <div
    data-css-h0wfqv=""
  >
    <div
      data-css-zcaaxo=""
      onClick={undefined}
    >
      4
    </div>
    <div
      data-css-zcaaxo=""
      onClick={undefined}
    >
      5
    </div>
    <div
      data-css-zcaaxo=""
      onClick={undefined}
    >
      6
    </div>
    <div
      data-css-zcaaxo=""
      onClick={undefined}
    >
      -
    </div>
  </div>
  <div
    data-css-h0wfqv=""
  >
    <div
      data-css-zcaaxo=""
      onClick={undefined}
    >
      1
    </div>
    <div
      data-css-zcaaxo=""
      onClick={undefined}
    >
      2
    </div>
    <div
      data-css-zcaaxo=""
      onClick={undefined}
    >
      3
    </div>
    <div
      data-css-zcaaxo=""
      onClick={undefined}
    >
      +
    </div>
  </div>
  <div
    data-css-h0wfqv=""
  >
    <div
      data-css-1qeez79=""
    >
      <div
        data-css-zcaaxo=""
        onClick={undefined}
      >
        0
      </div>
    </div>
    <div
      data-css-q8ffom=""
    >
      <div
        data-css-zcaaxo=""
        onClick={undefined}
      >
        .
      </div>
      <div
        data-css-zcaaxo=""
        onClick={undefined}
      >
        =
      </div>
    </div>
  </div>
</div>
`;
