// Jest Snapshot v1, https://goo.gl/fbAQLP

exports[`Calculator renders Calculator 1`] = `
.css-169sewc,
[data-css-169sewc] {
  display: -webkit-box;
  display: -moz-box;
  display: -ms-flexbox;
  display: -webkit-flex;
  display: flex;
  flex-direction: column;
  width: 350px;
  font-family: -apple-system, BlinkMacSystemFont, sans-serif;
  -webkit-box-orient: vertical;
  -webkit-box-direction: normal;
  -webkit-flex-direction: column;
}

.css-9v06sd,
[data-css-9v06sd] {
  display: -webkit-box;
  display: -moz-box;
  display: -ms-flexbox;
  display: -webkit-flex;
  display: flex;
  flex-direction: row;
  -webkit-box-orient: horizontal;
  -webkit-box-direction: normal;
  -webkit-flex-direction: row;
}

.css-1to9pp2,
[data-css-1to9pp2] {
  min-height: 5rem;
  flex-basis: 100%;
  background: #292929;
  border-color: #292929;
  font-size: 1.8rem;
  padding-left: 1rem;
  padding-right: 1rem;
  text-align: right;
  font-family: -apple-system, BlinkMacSystemFont, sans-serif;
  color: white;
  -webkit-flex-basis: 100%;
}

.css-1rjzdbu,
[data-css-1rjzdbu] {
  display: -webkit-box;
  display: -moz-box;
  display: -ms-flexbox;
  display: -webkit-flex;
  display: flex;
  flex-direction: column;
  background: #8E8E8E;
  border-top-color: #292929;
  -webkit-box-orient: vertical;
  -webkit-box-direction: normal;
  -webkit-flex-direction: column;
}

.css-1qeez79,
[data-css-1qeez79] {
  flex: 2;
  -webkit-flex: 2;
}

.css-q8ffom,
[data-css-q8ffom] {
  display: -webkit-box;
  display: -moz-box;
  display: -ms-flexbox;
  display: -webkit-flex;
  display: flex;
  flex-direction: row;
  flex: 2;
  -webkit-box-orient: horizontal;
  -webkit-box-direction: normal;
  -webkit-flex-direction: row;
  -webkit-flex: 2;
}

.css-h0wfqv,
[data-css-h0wfqv] {
  display: -webkit-box;
  display: -moz-box;
  display: -ms-flexbox;
  display: -webkit-flex;
  display: flex;
  width: 100%;
  flex-direction: row;
  justify-content: center;
  align-items: center;
  text-align: center;
  -webkit-box-orient: horizontal;
  -webkit-box-direction: normal;
  -webkit-flex-direction: row;
  -webkit-box-pack: center;
  -webkit-justify-content: center;
  -webkit-box-align: center;
  -webkit-align-items: center;
}

.css-ehgdb,
[data-css-ehgdb] {
  flex: 1;
  margin: 0.5px;
  border: 2px solid #D6D6D6;
  padding: 1rem;
  background: #D6D6D6;
  font-weight: medium;
  font-size: 1.3rem;
  -webkit-flex: 1;
}

.css-ivl1kh,
[data-css-ivl1kh] {
  flex: 1;
  margin: 0.5px;
  border: 2px solid #E99748;
  padding: 1rem;
  background: #E99748;
  font-weight: medium;
  font-size: 1.3rem;
  -webkit-flex: 1;
}

<div
  data-css-169sewc=""
>
  <div
    data-css-9v06sd=""
  >
    <input
      data-css-1to9pp2=""
      disabled={true}
      type="text"
      value=""
    />
  </div>
  <div
    data-css-1rjzdbu=""
  >
    <div
      data-css-h0wfqv=""
    >
      <div
        data-css-ehgdb=""
        onClick={[Function]}
      >
        AC
      </div>
      <div
        data-css-ehgdb=""
        onClick={[Function]}
      >
        +/-
      </div>
      <div
        data-css-ehgdb=""
        onClick={[Function]}
      >
        %
      </div>
      <div
        data-css-ivl1kh=""
        onClick={[Function]}
      >
        /
      </div>
    </div>
    <div
      data-css-h0wfqv=""
    >
      <div
        data-css-ehgdb=""
        onClick={[Function]}
      >
        7
      </div>
      <div
        data-css-ehgdb=""
        onClick={[Function]}
      >
        8
      </div>
      <div
        data-css-ehgdb=""
        onClick={[Function]}
      >
        9
      </div>
      <div
        data-css-ivl1kh=""
        onClick={[Function]}
      >
        X
      </div>
    </div>
    <div
      data-css-h0wfqv=""
    >
      <div
        data-css-ehgdb=""
        onClick={[Function]}
      >
        4
      </div>
      <div
        data-css-ehgdb=""
        onClick={[Function]}
      >
        5
      </div>
      <div
        data-css-ehgdb=""
        onClick={[Function]}
      >
        6
      </div>
      <div
        data-css-ivl1kh=""
        onClick={[Function]}
      >
        -
      </div>
    </div>
    <div
      data-css-h0wfqv=""
    >
      <div
        data-css-ehgdb=""
        onClick={[Function]}
      >
        1
      </div>
      <div
        data-css-ehgdb=""
        onClick={[Function]}
      >
        2
      </div>
      <div
        data-css-ehgdb=""
        onClick={[Function]}
      >
        3
      </div>
      <div
        data-css-ivl1kh=""
        onClick={[Function]}
      >
        +
      </div>
    </div>
    <div
      data-css-h0wfqv=""
    >
      <div
        data-css-1qeez79=""
      >
        <div
          data-css-ehgdb=""
          onClick={[Function]}
        >
          0
        </div>
      </div>
      <div
        data-css-q8ffom=""
      >
        <div
          data-css-ehgdb=""
          onClick={[Function]}
        >
          .
        </div>
        <div
          data-css-ivl1kh=""
          onClick={[Function]}
        >
          =
        </div>
      </div>
    </div>
  </div>
</div>
`;
